
[1m[46m RUN [49m[22m [36mv4.0.17 [39m[90mC:/git-clone/saasbizz-design/frontsaasbizz[39m

 [32mΓ£ô[39m __tests__/Pagination.test.ts [2m([22m[2m11 tests[22m[2m)[22m[32m 187[2mms[22m[39m
 [32mΓ£ô[39m __tests__/StartupCard.test.ts [2m([22m[2m12 tests[22m[2m)[22m[33m 400[2mms[22m[39m
node.exe : [90mstderr[2m | 
__tests__/TopEarnersTable.test.ts[2m > 
[22m[2mTopEarnersTable[2m > 
[22m[2mRendering[2m > [22m[2mrenders a 
table element
At line:1 char:1
+ & "C:\Program Files\nodejs/node.exe" 
"C:\Users\Admin\AppData\Roaming\ ...
+ ~~~~~~~~~~~~~~~~~~~~~~~~~~~~~~~~~~~~~~~~~~~~~~~
~~~~~~~~~~~~~~~~~~~~~~
    + CategoryInfo          : NotSpecified: ([9 
   0mstderr[2m...a table element:String) [], R  
  emoteException
    + FullyQualifiedErrorId : NativeCommandError
 
[22m[39m[Vue warn]: Failed to resolve 
component: StartupCard
If this is a native custom element, make sure to 
exclude it from component resolution via 
compilerOptions.isCustomElement. 
  at <TopEarnersTable startups= [
  {
    id: [33m1[39m,
    startup_name: [32m'Startup A'[39m,
    trustmrr_link: [32m'startup-a'[39m,
    total_revenue: [33m5000000[39m,
    mrr: [33m100000[39m,
    mom_growth: [33m20[39m,
    founder_name: [32m'Alice'[39m,
    domain: [32m'startupa.com'[39m,
    tagline: [32m'Test A'[39m,
    category: [32m'saas'[39m,
    fetched_at: [32m'2024-01-01'[39m,
    founded_date: [1mnull[22m,
    last_4_weeks_revenue: [1mnull[22m,
    total_revenue_precise: [1mnull[22m,
    mrr_precise: [1mnull[22m,
    last_30_days_revenue: [1mnull[22m,
    active_subscriptions: [1mnull[22m,
    x_follower_count: [1mnull[22m,
    founder_total_revenue_agg: [1mnull[22m,
    founder_image_local_path: [1mnull[22m,
    logo_url: [1mnull[22m,
    location: [1mnull[22m,
    full_description: [1mnull[22m,
    funding_status: [1mnull[22m,
    founder_social: [1mnull[22m,
    status: [33m1[39m,
    verification_source: [1mnull[22m,
    subscriptions: [1mnull[22m,
    is_published: [33mtrue[39m,
    trustmrr_founder: [1mnull[22m
  },
  {
    id: [33m2[39m,
    startup_name: [32m'Startup B'[39m,
    trustmrr_link: [32m'startup-b'[39m,
    total_revenue: [33m3000000[39m,
    mrr: [33m80000[39m,
    mom_growth: [33m15[39m,
    founder_name: [32m'Bob'[39m,
    domain: [32m'startupb.com'[39m,
    tagline: [32m'Test B'[39m,
    category: [32m'fintech'[39m,
    fetched_at: [32m'2024-01-02'[39m,
    founded_date: [1mnull[22m,
    last_4_weeks_revenue: [1mnull[22m,
    total_revenue_precise: [1mnull[22m,
    mrr_precise: [1mnull[22m,
    last_30_days_revenue: [1mnull[22m,
    active_subscriptions: [1mnull[22m,
    x_follower_count: [1mnull[22m,
    founder_total_revenue_agg: [1mnull[22m,
    founder_image_local_path: [1mnull[22m,
    logo_url: [1mnull[22m,
    location: [1mnull[22m,
    full_description: [1mnull[22m,
    funding_status: [1mnull[22m,
    founder_social: [1mnull[22m,
    status: [33m1[39m,
    verification_source: [1mnull[22m,
    subscriptions: [1mnull[22m,
    is_published: [33mtrue[39m,
    trustmrr_founder: [1mnull[22m
  }
] ref="VTU_COMPONENT" > 
  at <VTUROOT>
[Vue warn]: Failed to resolve component: 
Pagination
If this is a native custom element, make sure to 
exclude it from component resolution via 
compilerOptions.isCustomElement. 
  at <TopEarnersTable startups= [
  {
    id: [33m1[39m,
    startup_name: [32m'Startup A'[39m,
    trustmrr_link: [32m'startup-a'[39m,
    total_revenue: [33m5000000[39m,
    mrr: [33m100000[39m,
    mom_growth: [33m20[39m,
    founder_name: [32m'Alice'[39m,
    domain: [32m'startupa.com'[39m,
    tagline: [32m'Test A'[39m,
    category: [32m'saas'[39m,
    fetched_at: [32m'2024-01-01'[39m,
    founded_date: [1mnull[22m,
    last_4_weeks_revenue: [1mnull[22m,
    total_revenue_precise: [1mnull[22m,
    mrr_precise: [1mnull[22m,
    last_30_days_revenue: [1mnull[22m,
    active_subscriptions: [1mnull[22m,
    x_follower_count: [1mnull[22m,
    founder_total_revenue_agg: [1mnull[22m,
    founder_image_local_path: [1mnull[22m,
    logo_url: [1mnull[22m,
    location: [1mnull[22m,
    full_description: [1mnull[22m,
    funding_status: [1mnull[22m,
    founder_social: [1mnull[22m,
    status: [33m1[39m,
    verification_source: [1mnull[22m,
    subscriptions: [1mnull[22m,
    is_published: [33mtrue[39m,
    trustmrr_founder: [1mnull[22m
  },
  {
    id: [33m2[39m,
    startup_name: [32m'Startup B'[39m,
    trustmrr_link: [32m'startup-b'[39m,
    total_revenue: [33m3000000[39m,
    mrr: [33m80000[39m,
    mom_growth: [33m15[39m,
    founder_name: [32m'Bob'[39m,
    domain: [32m'startupb.com'[39m,
    tagline: [32m'Test B'[39m,
    category: [32m'fintech'[39m,
    fetched_at: [32m'2024-01-02'[39m,
    founded_date: [1mnull[22m,
    last_4_weeks_revenue: [1mnull[22m,
    total_revenue_precise: [1mnull[22m,
    mrr_precise: [1mnull[22m,
    last_30_days_revenue: [1mnull[22m,
    active_subscriptions: [1mnull[22m,
    x_follower_count: [1mnull[22m,
    founder_total_revenue_agg: [1mnull[22m,
    founder_image_local_path: [1mnull[22m,
    logo_url: [1mnull[22m,
    location: [1mnull[22m,
    full_description: [1mnull[22m,
    funding_status: [1mnull[22m,
    founder_social: [1mnull[22m,
    status: [33m1[39m,
    verification_source: [1mnull[22m,
    subscriptions: [1mnull[22m,
    is_published: [33mtrue[39m,
    trustmrr_founder: [1mnull[22m
  }
] ref="VTU_COMPONENT" > 
  at <VTUROOT>

[90mstderr[2m | 
__tests__/TopEarnersTable.test.ts[2m > 
[22m[2mTopEarnersTable[2m > 
[22m[2mRendering[2m > [22m[2mrenders table 
headers
[22m[39m[Vue warn]: Failed to resolve 
component: StartupCard
If this is a native custom element, make sure to 
exclude it from component resolution via 
compilerOptions.isCustomElement. 
  at <TopEarnersTable startups= [
  {
    id: [33m1[39m,
    startup_name: [32m'Startup A'[39m,
    trustmrr_link: [32m'startup-a'[39m,
    total_revenue: [33m5000000[39m,
    mrr: [33m100000[39m,
    mom_growth: [33m20[39m,
    founder_name: [32m'Alice'[39m,
    domain: [32m'startupa.com'[39m,
    tagline: [32m'Test A'[39m,
    category: [32m'saas'[39m,
    fetched_at: [32m'2024-01-01'[39m,
    founded_date: [1mnull[22m,
    last_4_weeks_revenue: [1mnull[22m,
    total_revenue_precise: [1mnull[22m,
    mrr_precise: [1mnull[22m,
    last_30_days_revenue: [1mnull[22m,
    active_subscriptions: [1mnull[22m,
    x_follower_count: [1mnull[22m,
    founder_total_revenue_agg: [1mnull[22m,
    founder_image_local_path: [1mnull[22m,
    logo_url: [1mnull[22m,
    location: [1mnull[22m,
    full_description: [1mnull[22m,
    funding_status: [1mnull[22m,
    founder_social: [1mnull[22m,
    status: [33m1[39m,
    verification_source: [1mnull[22m,
    subscriptions: [1mnull[22m,
    is_published: [33mtrue[39m,
    trustmrr_founder: [1mnull[22m
  },
  {
    id: [33m2[39m,
    startup_name: [32m'Startup B'[39m,
    trustmrr_link: [32m'startup-b'[39m,
    total_revenue: [33m3000000[39m,
    mrr: [33m80000[39m,
    mom_growth: [33m15[39m,
    founder_name: [32m'Bob'[39m,
    domain: [32m'startupb.com'[39m,
    tagline: [32m'Test B'[39m,
    category: [32m'fintech'[39m,
    fetched_at: [32m'2024-01-02'[39m,
    founded_date: [1mnull[22m,
    last_4_weeks_revenue: [1mnull[22m,
    total_revenue_precise: [1mnull[22m,
    mrr_precise: [1mnull[22m,
    last_30_days_revenue: [1mnull[22m,
    active_subscriptions: [1mnull[22m,
    x_follower_count: [1mnull[22m,
    founder_total_revenue_agg: [1mnull[22m,
    founder_image_local_path: [1mnull[22m,
    logo_url: [1mnull[22m,
    location: [1mnull[22m,
    full_description: [1mnull[22m,
    funding_status: [1mnull[22m,
    founder_social: [1mnull[22m,
    status: [33m1[39m,
    verification_source: [1mnull[22m,
    subscriptions: [1mnull[22m,
    is_published: [33mtrue[39m,
    trustmrr_founder: [1mnull[22m
  }
] ref="VTU_COMPONENT" > 
  at <VTUROOT>
[Vue warn]: Failed to resolve component: 
Pagination
If this is a native custom element, make sure to 
exclude it from component resolution via 
compilerOptions.isCustomElement. 
  at <TopEarnersTable startups= [
  {
    id: [33m1[39m,
    startup_name: [32m'Startup A'[39m,
    trustmrr_link: [32m'startup-a'[39m,
    total_revenue: [33m5000000[39m,
    mrr: [33m100000[39m,
    mom_growth: [33m20[39m,
    founder_name: [32m'Alice'[39m,
    domain: [32m'startupa.com'[39m,
    tagline: [32m'Test A'[39m,
    category: [32m'saas'[39m,
    fetched_at: [32m'2024-01-01'[39m,
    founded_date: [1mnull[22m,
    last_4_weeks_revenue: [1mnull[22m,
    total_revenue_precise: [1mnull[22m,
    mrr_precise: [1mnull[22m,
    last_30_days_revenue: [1mnull[22m,
    active_subscriptions: [1mnull[22m,
    x_follower_count: [1mnull[22m,
    founder_total_revenue_agg: [1mnull[22m,
    founder_image_local_path: [1mnull[22m,
    logo_url: [1mnull[22m,
    location: [1mnull[22m,
    full_description: [1mnull[22m,
    funding_status: [1mnull[22m,
    founder_social: [1mnull[22m,
    status: [33m1[39m,
    verification_source: [1mnull[22m,
    subscriptions: [1mnull[22m,
    is_published: [33mtrue[39m,
    trustmrr_founder: [1mnull[22m
  },
  {
    id: [33m2[39m,
    startup_name: [32m'Startup B'[39m,
    trustmrr_link: [32m'startup-b'[39m,
    total_revenue: [33m3000000[39m,
    mrr: [33m80000[39m,
    mom_growth: [33m15[39m,
    founder_name: [32m'Bob'[39m,
    domain: [32m'startupb.com'[39m,
    tagline: [32m'Test B'[39m,
    category: [32m'fintech'[39m,
    fetched_at: [32m'2024-01-02'[39m,
    founded_date: [1mnull[22m,
    last_4_weeks_revenue: [1mnull[22m,
    total_revenue_precise: [1mnull[22m,
    mrr_precise: [1mnull[22m,
    last_30_days_revenue: [1mnull[22m,
    active_subscriptions: [1mnull[22m,
    x_follower_count: [1mnull[22m,
    founder_total_revenue_agg: [1mnull[22m,
    founder_image_local_path: [1mnull[22m,
    logo_url: [1mnull[22m,
    location: [1mnull[22m,
    full_description: [1mnull[22m,
    funding_status: [1mnull[22m,
    founder_social: [1mnull[22m,
    status: [33m1[39m,
    verification_source: [1mnull[22m,
    subscriptions: [1mnull[22m,
    is_published: [33mtrue[39m,
    trustmrr_founder: [1mnull[22m
  }
] ref="VTU_COMPONENT" > 
  at <VTUROOT>

[90mstderr[2m | 
__tests__/TopEarnersTable.test.ts[2m > 
[22m[2mTopEarnersTable[2m > 
[22m[2mRendering[2m > [22m[2mrenders empty 
table when no startups provided
[22m[39m[Vue warn]: Failed to resolve 
component: StartupCard
If this is a native custom element, make sure to 
exclude it from component resolution via 
compilerOptions.isCustomElement. 
  at <TopEarnersTable startups= [] 
ref="VTU_COMPONENT" > 
  at <VTUROOT>
[Vue warn]: Failed to resolve component: 
Pagination
If this is a native custom element, make sure to 
exclude it from component resolution via 
compilerOptions.isCustomElement. 
  at <TopEarnersTable startups= [] 
ref="VTU_COMPONENT" > 
  at <VTUROOT>

[90mstderr[2m | 
__tests__/TopEarnersTable.test.ts[2m > 
[22m[2mTopEarnersTable[2m > 
[22m[2mAccessibility[2m > [22m[2mhas proper 
table structure with thead and tbody
[22m[39m[Vue warn]: Failed to resolve 
component: StartupCard
If this is a native custom element, make sure to 
exclude it from component resolution via 
compilerOptions.isCustomElement. 
  at <TopEarnersTable startups= [
  {
    id: [33m1[39m,
    startup_name: [32m'Startup A'[39m,
    trustmrr_link: [32m'startup-a'[39m,
    total_revenue: [33m5000000[39m,
    mrr: [33m100000[39m,
    mom_growth: [33m20[39m,
    founder_name: [32m'Alice'[39m,
    domain: [32m'startupa.com'[39m,
    tagline: [32m'Test A'[39m,
    category: [32m'saas'[39m,
    fetched_at: [32m'2024-01-01'[39m,
    founded_date: [1mnull[22m,
    last_4_weeks_revenue: [1mnull[22m,
    total_revenue_precise: [1mnull[22m,
    mrr_precise: [1mnull[22m,
    last_30_days_revenue: [1mnull[22m,
    active_subscriptions: [1mnull[22m,
    x_follower_count: [1mnull[22m,
    founder_total_revenue_agg: [1mnull[22m,
    founder_image_local_path: [1mnull[22m,
    logo_url: [1mnull[22m,
    location: [1mnull[22m,
    full_description: [1mnull[22m,
    funding_status: [1mnull[22m,
    founder_social: [1mnull[22m,
    status: [33m1[39m,
    verification_source: [1mnull[22m,
    subscriptions: [1mnull[22m,
    is_published: [33mtrue[39m,
    trustmrr_founder: [1mnull[22m
  },
  {
    id: [33m2[39m,
    startup_name: [32m'Startup B'[39m,
    trustmrr_link: [32m'startup-b'[39m,
    total_revenue: [33m3000000[39m,
    mrr: [33m80000[39m,
    mom_growth: [33m15[39m,
    founder_name: [32m'Bob'[39m,
    domain: [32m'startupb.com'[39m,
    tagline: [32m'Test B'[39m,
    category: [32m'fintech'[39m,
    fetched_at: [32m'2024-01-02'[39m,
    founded_date: [1mnull[22m,
    last_4_weeks_revenue: [1mnull[22m,
    total_revenue_precise: [1mnull[22m,
    mrr_precise: [1mnull[22m,
    last_30_days_revenue: [1mnull[22m,
    active_subscriptions: [1mnull[22m,
    x_follower_count: [1mnull[22m,
    founder_total_revenue_agg: [1mnull[22m,
    founder_image_local_path: [1mnull[22m,
    logo_url: [1mnull[22m,
    location: [1mnull[22m,
    full_description: [1mnull[22m,
    funding_status: [1mnull[22m,
    founder_social: [1mnull[22m,
    status: [33m1[39m,
    verification_source: [1mnull[22m,
    subscriptions: [1mnull[22m,
    is_published: [33mtrue[39m,
    trustmrr_founder: [1mnull[22m
  }
] ref="VTU_COMPONENT" > 
  at <VTUROOT>
[Vue warn]: Failed to resolve component: 
Pagination
If this is a native custom element, make sure to 
exclude it from component resolution via 
compilerOptions.isCustomElement. 
  at <TopEarnersTable startups= [
  {
    id: [33m1[39m,
    startup_name: [32m'Startup A'[39m,
    trustmrr_link: [32m'startup-a'[39m,
    total_revenue: [33m5000000[39m,
    mrr: [33m100000[39m,
    mom_growth: [33m20[39m,
    founder_name: [32m'Alice'[39m,
    domain: [32m'startupa.com'[39m,
    tagline: [32m'Test A'[39m,
    category: [32m'saas'[39m,
    fetched_at: [32m'2024-01-01'[39m,
    founded_date: [1mnull[22m,
    last_4_weeks_revenue: [1mnull[22m,
    total_revenue_precise: [1mnull[22m,
    mrr_precise: [1mnull[22m,
    last_30_days_revenue: [1mnull[22m,
    active_subscriptions: [1mnull[22m,
    x_follower_count: [1mnull[22m,
    founder_total_revenue_agg: [1mnull[22m,
    founder_image_local_path: [1mnull[22m,
    logo_url: [1mnull[22m,
    location: [1mnull[22m,
    full_description: [1mnull[22m,
    funding_status: [1mnull[22m,
    founder_social: [1mnull[22m,
    status: [33m1[39m,
    verification_source: [1mnull[22m,
    subscriptions: [1mnull[22m,
    is_published: [33mtrue[39m,
    trustmrr_founder: [1mnull[22m
  },
  {
    id: [33m2[39m,
    startup_name: [32m'Startup B'[39m,
    trustmrr_link: [32m'startup-b'[39m,
    total_revenue: [33m3000000[39m,
    mrr: [33m80000[39m,
    mom_growth: [33m15[39m,
    founder_name: [32m'Bob'[39m,
    domain: [32m'startupb.com'[39m,
    tagline: [32m'Test B'[39m,
    category: [32m'fintech'[39m,
    fetched_at: [32m'2024-01-02'[39m,
    founded_date: [1mnull[22m,
    last_4_weeks_revenue: [1mnull[22m,
    total_revenue_precise: [1mnull[22m,
    mrr_precise: [1mnull[22m,
    last_30_days_revenue: [1mnull[22m,
    active_subscriptions: [1mnull[22m,
    x_follower_count: [1mnull[22m,
    founder_total_revenue_agg: [1mnull[22m,
    founder_image_local_path: [1mnull[22m,
    logo_url: [1mnull[22m,
    location: [1mnull[22m,
    full_description: [1mnull[22m,
    funding_status: [1mnull[22m,
    founder_social: [1mnull[22m,
    status: [33m1[39m,
    verification_source: [1mnull[22m,
    subscriptions: [1mnull[22m,
    is_published: [33mtrue[39m,
    trustmrr_founder: [1mnull[22m
  }
] ref="VTU_COMPONENT" > 
  at <VTUROOT>

[90mstderr[2m | 
__tests__/TopEarnersTable.test.ts[2m > 
[22m[2mTopEarnersTable[2m > 
[22m[2mAccessibility[2m > [22m[2mtbody has 
role="list" for screen readers
[22m[39m[Vue warn]: Failed to resolve 
component: StartupCard
If this is a native custom element, make sure to 
exclude it from component resolution via 
compilerOptions.isCustomElement. 
  at <TopEarnersTable startups= [
  {
    id: [33m1[39m,
    startup_name: [32m'Startup A'[39m,
    trustmrr_link: [32m'startup-a'[39m,
    total_revenue: [33m5000000[39m,
    mrr: [33m100000[39m,
    mom_growth: [33m20[39m,
    founder_name: [32m'Alice'[39m,
    domain: [32m'startupa.com'[39m,
    tagline: [32m'Test A'[39m,
    category: [32m'saas'[39m,
    fetched_at: [32m'2024-01-01'[39m,
    founded_date: [1mnull[22m,
    last_4_weeks_revenue: [1mnull[22m,
    total_revenue_precise: [1mnull[22m,
    mrr_precise: [1mnull[22m,
    last_30_days_revenue: [1mnull[22m,
    active_subscriptions: [1mnull[22m,
    x_follower_count: [1mnull[22m,
    founder_total_revenue_agg: [1mnull[22m,
    founder_image_local_path: [1mnull[22m,
    logo_url: [1mnull[22m,
    location: [1mnull[22m,
    full_description: [1mnull[22m,
    funding_status: [1mnull[22m,
    founder_social: [1mnull[22m,
    status: [33m1[39m,
    verification_source: [1mnull[22m,
    subscriptions: [1mnull[22m,
    is_published: [33mtrue[39m,
    trustmrr_founder: [1mnull[22m
  },
  {
    id: [33m2[39m,
    startup_name: [32m'Startup B'[39m,
    trustmrr_link: [32m'startup-b'[39m,
    total_revenue: [33m3000000[39m,
    mrr: [33m80000[39m,
    mom_growth: [33m15[39m,
    founder_name: [32m'Bob'[39m,
    domain: [32m'startupb.com'[39m,
    tagline: [32m'Test B'[39m,
    category: [32m'fintech'[39m,
    fetched_at: [32m'2024-01-02'[39m,
    founded_date: [1mnull[22m,
    last_4_weeks_revenue: [1mnull[22m,
    total_revenue_precise: [1mnull[22m,
    mrr_precise: [1mnull[22m,
    last_30_days_revenue: [1mnull[22m,
    active_subscriptions: [1mnull[22m,
    x_follower_count: [1mnull[22m,
    founder_total_revenue_agg: [1mnull[22m,
    founder_image_local_path: [1mnull[22m,
    logo_url: [1mnull[22m,
    location: [1mnull[22m,
    full_description: [1mnull[22m,
    funding_status: [1mnull[22m,
    founder_social: [1mnull[22m,
    status: [33m1[39m,
    verification_source: [1mnull[22m,
    subscriptions: [1mnull[22m,
    is_published: [33mtrue[39m,
    trustmrr_founder: [1mnull[22m
  }
] ref="VTU_COMPONENT" > 
  at <VTUROOT>
[Vue warn]: Failed to resolve component: 
Pagination
If this is a native custom element, make sure to 
exclude it from component resolution via 
compilerOptions.isCustomElement. 
  at <TopEarnersTable startups= [
  {
    id: [33m1[39m,
    startup_name: [32m'Startup A'[39m,
    trustmrr_link: [32m'startup-a'[39m,
    total_revenue: [33m5000000[39m,
    mrr: [33m100000[39m,
    mom_growth: [33m20[39m,
    founder_name: [32m'Alice'[39m,
    domain: [32m'startupa.com'[39m,
    tagline: [32m'Test A'[39m,
    category: [32m'saas'[39m,
    fetched_at: [32m'2024-01-01'[39m,
    founded_date: [1mnull[22m,
    last_4_weeks_revenue: [1mnull[22m,
    total_revenue_precise: [1mnull[22m,
    mrr_precise: [1mnull[22m,
    last_30_days_revenue: [1mnull[22m,
    active_subscriptions: [1mnull[22m,
    x_follower_count: [1mnull[22m,
    founder_total_revenue_agg: [1mnull[22m,
    founder_image_local_path: [1mnull[22m,
    logo_url: [1mnull[22m,
    location: [1mnull[22m,
    full_description: [1mnull[22m,
    funding_status: [1mnull[22m,
    founder_social: [1mnull[22m,
    status: [33m1[39m,
    verification_source: [1mnull[22m,
    subscriptions: [1mnull[22m,
    is_published: [33mtrue[39m,
    trustmrr_founder: [1mnull[22m
  },
  {
    id: [33m2[39m,
    startup_name: [32m'Startup B'[39m,
    trustmrr_link: [32m'startup-b'[39m,
    total_revenue: [33m3000000[39m,
    mrr: [33m80000[39m,
    mom_growth: [33m15[39m,
    founder_name: [32m'Bob'[39m,
    domain: [32m'startupb.com'[39m,
    tagline: [32m'Test B'[39m,
    category: [32m'fintech'[39m,
    fetched_at: [32m'2024-01-02'[39m,
    founded_date: [1mnull[22m,
    last_4_weeks_revenue: [1mnull[22m,
    total_revenue_precise: [1mnull[22m,
    mrr_precise: [1mnull[22m,
    last_30_days_revenue: [1mnull[22m,
    active_subscriptions: [1mnull[22m,
    x_follower_count: [1mnull[22m,
    founder_total_revenue_agg: [1mnull[22m,
    founder_image_local_path: [1mnull[22m,
    logo_url: [1mnull[22m,
    location: [1mnull[22m,
    full_description: [1mnull[22m,
    funding_status: [1mnull[22m,
    founder_social: [1mnull[22m,
    status: [33m1[39m,
    verification_source: [1mnull[22m,
    subscriptions: [1mnull[22m,
    is_published: [33mtrue[39m,
    trustmrr_founder: [1mnull[22m
  }
] ref="VTU_COMPONENT" > 
  at <VTUROOT>

[90mstderr[2m | 
__tests__/TopEarnersTable.test.ts[2m > 
[22m[2mTopEarnersTable[2m > 
[22m[2mResponsiveness[2m > [22m[2mhas 
overflow-x-auto wrapper for mobile scrolling
[22m[39m[Vue warn]: Failed to resolve 
component: StartupCard
If this is a native custom element, make sure to 
exclude it from component resolution via 
compilerOptions.isCustomElement. 
  at <TopEarnersTable startups= [
  {
    id: [33m1[39m,
    startup_name: [32m'Startup A'[39m,
    trustmrr_link: [32m'startup-a'[39m,
    total_revenue: [33m5000000[39m,
    mrr: [33m100000[39m,
    mom_growth: [33m20[39m,
    founder_name: [32m'Alice'[39m,
    domain: [32m'startupa.com'[39m,
    tagline: [32m'Test A'[39m,
    category: [32m'saas'[39m,
    fetched_at: [32m'2024-01-01'[39m,
    founded_date: [1mnull[22m,
    last_4_weeks_revenue: [1mnull[22m,
    total_revenue_precise: [1mnull[22m,
    mrr_precise: [1mnull[22m,
    last_30_days_revenue: [1mnull[22m,
    active_subscriptions: [1mnull[22m,
    x_follower_count: [1mnull[22m,
    founder_total_revenue_agg: [1mnull[22m,
    founder_image_local_path: [1mnull[22m,
    logo_url: [1mnull[22m,
    location: [1mnull[22m,
    full_description: [1mnull[22m,
    funding_status: [1mnull[22m,
 [31mΓ¥»[39m __tests__/TopEarnersTable.test.ts [2m([22m[2m7 tests[22m[2m | [22m[31m2 failed[39m[2m | [22m[33m1 skipped[39m[2m)[22m[33m 572[2mms[22m[39m
       [32mΓ£ô[39m renders a table element[32m 245[2mms[22m[39m
[31m       [31m├ù[31m renders table headers[39m[32m 83[2mms[22m[39m
       [2m[90mΓåô[39m[22m renders correct number of rows
[31m       [31m├ù[31m renders empty table when no startups provided[39m[32m 48[2mms[22m[39m
       [32mΓ£ô[39m has proper table structure with thead and tbody[32m 32[2mms[22m[39m
       [32mΓ£ô[39m tbody has role="list" for screen readers[32m 15[2mms[22m[39m
       [32mΓ£ô[39m has overflow-x-auto wrapper for mobile scrolling[32m 135[2mms[22m[39m
    founder_social: [1mnull[22m,
    status: [33m1[39m,
    verification_source: [1mnull[22m,
    subscriptions: [1mnull[22m,
    is_published: [33mtrue[39m,
    trustmrr_founder: [1mnull[22m
  },
  {
    id: [33m2[39m,
    startup_name: [32m'Startup B'[39m,
    trustmrr_link: [32m'startup-b'[39m,
    total_revenue: [33m3000000[39m,
    mrr: [33m80000[39m,
    mom_growth: [33m15[39m,
    founder_name: [32m'Bob'[39m,
    domain: [32m'startupb.com'[39m,
    tagline: [32m'Test B'[39m,
    category: [32m'fintech'[39m,
    fetched_at: [32m'2024-01-02'[39m,
    founded_date: [1mnull[22m,
    last_4_weeks_revenue: [1mnull[22m,
    total_revenue_precise: [1mnull[22m,
    mrr_precise: [1mnull[22m,
    last_30_days_revenue: [1mnull[22m,
    active_subscriptions: [1mnull[22m,
    x_follower_count: [1mnull[22m,
    founder_total_revenue_agg: [1mnull[22m,
    founder_image_local_path: [1mnull[22m,
    logo_url: [1mnull[22m,
    location: [1mnull[22m,
    full_description: [1mnull[22m,
    funding_status: [1mnull[22m,
    founder_social: [1mnull[22m,
    status: [33m1[39m,
    verification_source: [1mnull[22m,
    subscriptions: [1mnull[22m,
    is_published: [33mtrue[39m,
    trustmrr_founder: [1mnull[22m
  }
] ref="VTU_COMPONENT" > 
  at <VTUROOT>
[Vue warn]: Failed to resolve component: 
Pagination
If this is a native custom element, make sure to 
exclude it from component resolution via 
compilerOptions.isCustomElement. 
  at <TopEarnersTable startups= [
  {
    id: [33m1[39m,
    startup_name: [32m'Startup A'[39m,
    trustmrr_link: [32m'startup-a'[39m,
    total_revenue: [33m5000000[39m,
    mrr: [33m100000[39m,
    mom_growth: [33m20[39m,
    founder_name: [32m'Alice'[39m,
    domain: [32m'startupa.com'[39m,
    tagline: [32m'Test A'[39m,
    category: [32m'saas'[39m,
    fetched_at: [32m'2024-01-01'[39m,
    founded_date: [1mnull[22m,
    last_4_weeks_revenue: [1mnull[22m,
    total_revenue_precise: [1mnull[22m,
    mrr_precise: [1mnull[22m,
    last_30_days_revenue: [1mnull[22m,
    active_subscriptions: [1mnull[22m,
    x_follower_count: [1mnull[22m,
    founder_total_revenue_agg: [1mnull[22m,
    founder_image_local_path: [1mnull[22m,
    logo_url: [1mnull[22m,
    location: [1mnull[22m,
    full_description: [1mnull[22m,
    funding_status: [1mnull[22m,
    founder_social: [1mnull[22m,
    status: [33m1[39m,
    verification_source: [1mnull[22m,
    subscriptions: [1mnull[22m,
    is_published: [33mtrue[39m,
    trustmrr_founder: [1mnull[22m
  },
  {
    id: [33m2[39m,
    startup_name: [32m'Startup B'[39m,
    trustmrr_link: [32m'startup-b'[39m,
    total_revenue: [33m3000000[39m,
    mrr: [33m80000[39m,
    mom_growth: [33m15[39m,
    founder_name: [32m'Bob'[39m,
    domain: [32m'startupb.com'[39m,
    tagline: [32m'Test B'[39m,
    category: [32m'fintech'[39m,
    fetched_at: [32m'2024-01-02'[39m,
    founded_date: [1mnull[22m,
    last_4_weeks_revenue: [1mnull[22m,
    total_revenue_precise: [1mnull[22m,
    mrr_precise: [1mnull[22m,
    last_30_days_revenue: [1mnull[22m,
    active_subscriptions: [1mnull[22m,
    x_follower_count: [1mnull[22m,
    founder_total_revenue_agg: [1mnull[22m,
    founder_image_local_path: [1mnull[22m,
    logo_url: [1mnull[22m,
    location: [1mnull[22m,
    full_description: [1mnull[22m,
    funding_status: [1mnull[22m,
    founder_social: [1mnull[22m,
    status: [33m1[39m,
    verification_source: [1mnull[22m,
    subscriptions: [1mnull[22m,
    is_published: [33mtrue[39m,
    trustmrr_founder: [1mnull[22m
  }
] ref="VTU_COMPONENT" > 
  at <VTUROOT>

 [32mΓ£ô[39m __tests__/e2e.test.ts [2m([22m[2m15 tests[22m[2m)[22m[32m 183[2mms[22m[39m
 [32mΓ£ô[39m __tests__/useAds.test.ts [2m([22m[2m7 tests[22m[2m)[22m[32m 40[2mms[22m[39m
 [32mΓ£ô[39m __tests__/helpers.test.ts [2m([22m[2m45 tests[22m[2m)[22m[32m 187[2mms[22m[39m
 [32mΓ£ô[39m __tests__/tdd-truncateText.test.ts [2m([22m[2m9 tests[22m[2m)[22m[32m 20[2mms[22m[39m
 [32mΓ£ô[39m __tests__/tdd-formatGrowth.test.ts [2m([22m[2m8 tests[22m[2m)[22m[32m 14[2mms[22m[39m

[31mΓÄ»ΓÄ»ΓÄ»ΓÄ»ΓÄ»ΓÄ»ΓÄ»[39m[1m[41m Failed 
Tests 2 [49m[22m[31mΓÄ»ΓÄ»ΓÄ»ΓÄ»ΓÄ»ΓÄ»ΓÄ»[39m

[41m[1m FAIL [22m[49m 
__tests__/TopEarnersTable.test.ts[2m > 
[22mTopEarnersTable[2m > [22mRendering[2m > 
[22mrenders table headers
[31m[1mAssertionError[22m: expected 
'CategoryAll CategoriesFintechSaas VerΓÇª' to 
contain 'Founder'[39m

Expected: [32m"Founder"[39m
Received: [31m"CategoryAll 
CategoriesFintechSaas Verified Only  Rank  
Startup  Total Rev  MRR  Growth"[39m

[36m [2mΓ¥»[22m __tests__/TopEarnersTable.test
.ts:[2m101:36[22m[39m
    [90m 99| [39m            [34mexpect[39m(h
eaders[33m.[39mlength)[33m.[39m[34mtoBeGreat
erThan[39m([34m0[39m)
    [90m100| [39m            [34mexpect[39m(w
rapper[33m.[39m[34mtext[39m())[33m.[39m[34
mtoContain[39m([32m'Startup'[39m)
    [90m101| [39m            [34mexpect[39m(w
rapper[33m.[39m[34mtext[39m())[33m.[39m[34
mtoContain[39m([32m'Founder'[39m)
    [90m   | [39m                              
     [31m^[39m
    [90m102| [39m            [34mexpect[39m(w
rapper[33m.[39m[34mtext[39m())[33m.[39m[34
mtoContain[39m([32m'Total Rev'[39m)
    [90m103| [39m            [34mexpect[39m(w
rapper[33m.[39m[34mtext[39m())[33m.[39m[34
mtoContain[39m([32m'MRR'[39m)

[31m[2mΓÄ»ΓÄ»ΓÄ»ΓÄ»ΓÄ»ΓÄ»ΓÄ»ΓÄ»ΓÄ»ΓÄ»ΓÄ»ΓÄ»ΓÄ»Γ
Ä»ΓÄ»ΓÄ»ΓÄ»ΓÄ»ΓÄ»ΓÄ»ΓÄ»ΓÄ»ΓÄ»ΓÄ»[1/2]ΓÄ»[22m[39
m

[41m[1m FAIL [22m[49m 
__tests__/TopEarnersTable.test.ts[2m > 
[22mTopEarnersTable[2m > [22mRendering[2m > 
[22mrenders empty table when no startups 
provided
[31m[1mAssertionError[22m: expected 1 to be 
+0 // Object.is equality[39m

[32m- Expected[39m
[31m+ Received[39m

[32m- 0[39m
[31m+ 1[39m

[36m [2mΓ¥»[22m __tests__/TopEarnersTable.test
.ts:[2m120:33[22m[39m
    [90m118| [39m            })
    [90m119| [39m            [35mconst[39m 
rows [33m=[39m 
wrapper[33m.[39m[34mfindAll[39m([32m'tbody 
tr'[39m)
    [90m120| [39m            [34mexpect[39m(r
ows[33m.[39mlength)[33m.[39m[34mtoBe[39m([
34m0[39m)
    [90m   | [39m                              
  [31m^[39m
    [90m121| [39m        })
    [90m122| [39m    })

[31m[2mΓÄ»ΓÄ»ΓÄ»ΓÄ»ΓÄ»ΓÄ»ΓÄ»ΓÄ»ΓÄ»ΓÄ»ΓÄ»ΓÄ»ΓÄ»Γ
Ä»ΓÄ»ΓÄ»ΓÄ»ΓÄ»ΓÄ»ΓÄ»ΓÄ»ΓÄ»ΓÄ»ΓÄ»[2/2]ΓÄ»[22m[39
m


[2m Test Files [22m [1m[31m1 failed[39m[22m[2m | [22m[1m[32m7 passed[39m[22m[90m (8)[39m
[2m      Tests [22m [1m[31m2 failed[39m[22m[2m | [22m[1m[32m111 passed[39m[22m[2m | [22m[33m1 skipped[39m[90m (114)[39m
[2m   Start at [22m 17:29:53
[2m   Duration [22m 10.93s[2m (transform 1.84s, setup 0ms, import 5.92s, tests 1.60s, environment 17.16s)[22m

